MPLINK 5.09, LINKER
Linker Map File - Created Sat Sep 26 00:30:21 2020

                                 Section Info
                  Section       Type    Address   Location Size(Bytes)
                ---------  ---------  ---------  ---------  ---------
                   .org_0       code   0x000000    program   0x0000b0
                   .cinit    romdata   0x000058    program   0x000004
.config_2007_BUILD/DEFAULT/DEBUG/MAIN.O       code   0x002007    program   0x000002
.config_2008_BUILD/DEFAULT/DEBUG/MAIN.O       code   0x002008    program   0x000002



                              Program Memory Usage 
                               Start         End      
                           ---------   ---------      
                            0x000000    0x000059      
                            0x002007    0x002008      
            92 out of 8455 program addresses used, program memory utilization is 1%



                              Symbols - Sorted by Name
                     Name    Address   Location    Storage File                     
                ---------  ---------  ---------  --------- ---------                
            DISPLAY_PORTB   0x00003e    program     static G:\Mi unidad\Ingenieria electonica y telecomunicaciones\Circuitos Digitales\Circuitos Digitales II\Proyectos\Assembler\PruebaContadorI.X\MAIN.asm
            DISPLAY_PORTC   0x000033    program     static G:\Mi unidad\Ingenieria electonica y telecomunicaciones\Circuitos Digitales\Circuitos Digitales II\Proyectos\Assembler\PruebaContadorI.X\MAIN.asm
                     MAIN   0x000011    program     static G:\Mi unidad\Ingenieria electonica y telecomunicaciones\Circuitos Digitales\Circuitos Digitales II\Proyectos\Assembler\PruebaContadorI.X\MAIN.asm
                  MOSTRAR   0x000023    program     static G:\Mi unidad\Ingenieria electonica y telecomunicaciones\Circuitos Digitales\Circuitos Digitales II\Proyectos\Assembler\PruebaContadorI.X\MAIN.asm
                  RETARDO   0x00004a    program     static G:\Mi unidad\Ingenieria electonica y telecomunicaciones\Circuitos Digitales\Circuitos Digitales II\Proyectos\Assembler\PruebaContadorI.X\MAIN.asm
             _.org_0_0027   0x000027    program     static G:\Mi unidad\Ingenieria electonica y telecomunicaciones\Circuitos Digitales\Circuitos Digitales II\Proyectos\Assembler\PruebaContadorI.X\MAIN.asm
             _.org_0_002A   0x00002a    program     static G:\Mi unidad\Ingenieria electonica y telecomunicaciones\Circuitos Digitales\Circuitos Digitales II\Proyectos\Assembler\PruebaContadorI.X\MAIN.asm
             _.org_0_002C   0x00002c    program     static G:\Mi unidad\Ingenieria electonica y telecomunicaciones\Circuitos Digitales\Circuitos Digitales II\Proyectos\Assembler\PruebaContadorI.X\MAIN.asm
             _.org_0_0052   0x000052    program     static G:\Mi unidad\Ingenieria electonica y telecomunicaciones\Circuitos Digitales\Circuitos Digitales II\Proyectos\Assembler\PruebaContadorI.X\MAIN.asm
             _.org_0_0054   0x000054    program     static G:\Mi unidad\Ingenieria electonica y telecomunicaciones\Circuitos Digitales\Circuitos Digitales II\Proyectos\Assembler\PruebaContadorI.X\MAIN.asm
             _.org_0_0056   0x000056    program     static G:\Mi unidad\Ingenieria electonica y telecomunicaciones\Circuitos Digitales\Circuitos Digitales II\Proyectos\Assembler\PruebaContadorI.X\MAIN.asm
                     init   0x000001    program     static G:\Mi unidad\Ingenieria electonica y telecomunicaciones\Circuitos Digitales\Circuitos Digitales II\Proyectos\Assembler\PruebaContadorI.X\MAIN.asm



                              Symbols - Sorted by Address
                     Name    Address   Location    Storage File                     
                ---------  ---------  ---------  --------- ---------                
                     init   0x000001    program     static G:\Mi unidad\Ingenieria electonica y telecomunicaciones\Circuitos Digitales\Circuitos Digitales II\Proyectos\Assembler\PruebaContadorI.X\MAIN.asm
                     MAIN   0x000011    program     static G:\Mi unidad\Ingenieria electonica y telecomunicaciones\Circuitos Digitales\Circuitos Digitales II\Proyectos\Assembler\PruebaContadorI.X\MAIN.asm
                  MOSTRAR   0x000023    program     static G:\Mi unidad\Ingenieria electonica y telecomunicaciones\Circuitos Digitales\Circuitos Digitales II\Proyectos\Assembler\PruebaContadorI.X\MAIN.asm
             _.org_0_0027   0x000027    program     static G:\Mi unidad\Ingenieria electonica y telecomunicaciones\Circuitos Digitales\Circuitos Digitales II\Proyectos\Assembler\PruebaContadorI.X\MAIN.asm
             _.org_0_002A   0x00002a    program     static G:\Mi unidad\Ingenieria electonica y telecomunicaciones\Circuitos Digitales\Circuitos Digitales II\Proyectos\Assembler\PruebaContadorI.X\MAIN.asm
             _.org_0_002C   0x00002c    program     static G:\Mi unidad\Ingenieria electonica y telecomunicaciones\Circuitos Digitales\Circuitos Digitales II\Proyectos\Assembler\PruebaContadorI.X\MAIN.asm
            DISPLAY_PORTC   0x000033    program     static G:\Mi unidad\Ingenieria electonica y telecomunicaciones\Circuitos Digitales\Circuitos Digitales II\Proyectos\Assembler\PruebaContadorI.X\MAIN.asm
            DISPLAY_PORTB   0x00003e    program     static G:\Mi unidad\Ingenieria electonica y telecomunicaciones\Circuitos Digitales\Circuitos Digitales II\Proyectos\Assembler\PruebaContadorI.X\MAIN.asm
                  RETARDO   0x00004a    program     static G:\Mi unidad\Ingenieria electonica y telecomunicaciones\Circuitos Digitales\Circuitos Digitales II\Proyectos\Assembler\PruebaContadorI.X\MAIN.asm
             _.org_0_0052   0x000052    program     static G:\Mi unidad\Ingenieria electonica y telecomunicaciones\Circuitos Digitales\Circuitos Digitales II\Proyectos\Assembler\PruebaContadorI.X\MAIN.asm
             _.org_0_0054   0x000054    program     static G:\Mi unidad\Ingenieria electonica y telecomunicaciones\Circuitos Digitales\Circuitos Digitales II\Proyectos\Assembler\PruebaContadorI.X\MAIN.asm
             _.org_0_0056   0x000056    program     static G:\Mi unidad\Ingenieria electonica y telecomunicaciones\Circuitos Digitales\Circuitos Digitales II\Proyectos\Assembler\PruebaContadorI.X\MAIN.asm


