MPLINK 5.09, LINKER
Linker Map File - Created Sat Sep 26 15:57:23 2020

                                 Section Info
                  Section       Type    Address   Location Size(Bytes)
                ---------  ---------  ---------  ---------  ---------
                   .org_0       code   0x000000    program   0x0000b2
                   .cinit    romdata   0x000059    program   0x000004
.config_2007_BUILD/DEFAULT/PRODUCTION/MAIN.O       code   0x002007    program   0x000002
.config_2008_BUILD/DEFAULT/PRODUCTION/MAIN.O       code   0x002008    program   0x000002



                              Program Memory Usage 
                               Start         End      
                           ---------   ---------      
                            0x000000    0x00005a      
                            0x002007    0x002008      
            93 out of 8455 program addresses used, program memory utilization is 1%



                              Symbols - Sorted by Name
                     Name    Address   Location    Storage File                     
                ---------  ---------  ---------  --------- ---------                
            DISPLAY_PORTB   0x00003f    program     static G:\Mi unidad\Ingenieria electonica y telecomunicaciones\Circuitos Digitales\Circuitos Digitales II\Proyectos\Assembler\PruebaContadorI.X\MAIN.asm
            DISPLAY_PORTC   0x000034    program     static G:\Mi unidad\Ingenieria electonica y telecomunicaciones\Circuitos Digitales\Circuitos Digitales II\Proyectos\Assembler\PruebaContadorI.X\MAIN.asm
                     MAIN   0x000012    program     static G:\Mi unidad\Ingenieria electonica y telecomunicaciones\Circuitos Digitales\Circuitos Digitales II\Proyectos\Assembler\PruebaContadorI.X\MAIN.asm
                  MOSTRAR   0x000024    program     static G:\Mi unidad\Ingenieria electonica y telecomunicaciones\Circuitos Digitales\Circuitos Digitales II\Proyectos\Assembler\PruebaContadorI.X\MAIN.asm
                  RETARDO   0x00004b    program     static G:\Mi unidad\Ingenieria electonica y telecomunicaciones\Circuitos Digitales\Circuitos Digitales II\Proyectos\Assembler\PruebaContadorI.X\MAIN.asm
             _.org_0_0028   0x000028    program     static G:\Mi unidad\Ingenieria electonica y telecomunicaciones\Circuitos Digitales\Circuitos Digitales II\Proyectos\Assembler\PruebaContadorI.X\MAIN.asm
             _.org_0_002B   0x00002b    program     static G:\Mi unidad\Ingenieria electonica y telecomunicaciones\Circuitos Digitales\Circuitos Digitales II\Proyectos\Assembler\PruebaContadorI.X\MAIN.asm
             _.org_0_002D   0x00002d    program     static G:\Mi unidad\Ingenieria electonica y telecomunicaciones\Circuitos Digitales\Circuitos Digitales II\Proyectos\Assembler\PruebaContadorI.X\MAIN.asm
             _.org_0_0053   0x000053    program     static G:\Mi unidad\Ingenieria electonica y telecomunicaciones\Circuitos Digitales\Circuitos Digitales II\Proyectos\Assembler\PruebaContadorI.X\MAIN.asm
             _.org_0_0055   0x000055    program     static G:\Mi unidad\Ingenieria electonica y telecomunicaciones\Circuitos Digitales\Circuitos Digitales II\Proyectos\Assembler\PruebaContadorI.X\MAIN.asm
             _.org_0_0057   0x000057    program     static G:\Mi unidad\Ingenieria electonica y telecomunicaciones\Circuitos Digitales\Circuitos Digitales II\Proyectos\Assembler\PruebaContadorI.X\MAIN.asm
                     init   0x000001    program     static G:\Mi unidad\Ingenieria electonica y telecomunicaciones\Circuitos Digitales\Circuitos Digitales II\Proyectos\Assembler\PruebaContadorI.X\MAIN.asm



                              Symbols - Sorted by Address
                     Name    Address   Location    Storage File                     
                ---------  ---------  ---------  --------- ---------                
                     init   0x000001    program     static G:\Mi unidad\Ingenieria electonica y telecomunicaciones\Circuitos Digitales\Circuitos Digitales II\Proyectos\Assembler\PruebaContadorI.X\MAIN.asm
                     MAIN   0x000012    program     static G:\Mi unidad\Ingenieria electonica y telecomunicaciones\Circuitos Digitales\Circuitos Digitales II\Proyectos\Assembler\PruebaContadorI.X\MAIN.asm
                  MOSTRAR   0x000024    program     static G:\Mi unidad\Ingenieria electonica y telecomunicaciones\Circuitos Digitales\Circuitos Digitales II\Proyectos\Assembler\PruebaContadorI.X\MAIN.asm
             _.org_0_0028   0x000028    program     static G:\Mi unidad\Ingenieria electonica y telecomunicaciones\Circuitos Digitales\Circuitos Digitales II\Proyectos\Assembler\PruebaContadorI.X\MAIN.asm
             _.org_0_002B   0x00002b    program     static G:\Mi unidad\Ingenieria electonica y telecomunicaciones\Circuitos Digitales\Circuitos Digitales II\Proyectos\Assembler\PruebaContadorI.X\MAIN.asm
             _.org_0_002D   0x00002d    program     static G:\Mi unidad\Ingenieria electonica y telecomunicaciones\Circuitos Digitales\Circuitos Digitales II\Proyectos\Assembler\PruebaContadorI.X\MAIN.asm
            DISPLAY_PORTC   0x000034    program     static G:\Mi unidad\Ingenieria electonica y telecomunicaciones\Circuitos Digitales\Circuitos Digitales II\Proyectos\Assembler\PruebaContadorI.X\MAIN.asm
            DISPLAY_PORTB   0x00003f    program     static G:\Mi unidad\Ingenieria electonica y telecomunicaciones\Circuitos Digitales\Circuitos Digitales II\Proyectos\Assembler\PruebaContadorI.X\MAIN.asm
                  RETARDO   0x00004b    program     static G:\Mi unidad\Ingenieria electonica y telecomunicaciones\Circuitos Digitales\Circuitos Digitales II\Proyectos\Assembler\PruebaContadorI.X\MAIN.asm
             _.org_0_0053   0x000053    program     static G:\Mi unidad\Ingenieria electonica y telecomunicaciones\Circuitos Digitales\Circuitos Digitales II\Proyectos\Assembler\PruebaContadorI.X\MAIN.asm
             _.org_0_0055   0x000055    program     static G:\Mi unidad\Ingenieria electonica y telecomunicaciones\Circuitos Digitales\Circuitos Digitales II\Proyectos\Assembler\PruebaContadorI.X\MAIN.asm
             _.org_0_0057   0x000057    program     static G:\Mi unidad\Ingenieria electonica y telecomunicaciones\Circuitos Digitales\Circuitos Digitales II\Proyectos\Assembler\PruebaContadorI.X\MAIN.asm


